#0 building with "default" instance using docker driver

#1 [goger-app internal] load .dockerignore
#1 transferring context: 2B done
#1 DONE 0.0s

#2 [goger-app internal] load build definition from Dockerfile
#2 transferring dockerfile: 507B done
#2 DONE 0.0s

#3 [goger-app internal] load metadata for gcr.io/distroless/static:latest
#3 DONE 0.0s

#4 [goger-app internal] load metadata for docker.io/library/golang:1.21.3-alpine3.18
#4 DONE 2.1s

#5 [goger-app binary-builder 1/6] FROM docker.io/library/golang:1.21.3-alpine3.18@sha256:96a8a701943e7eabd81ebd0963540ad660e29c3b2dc7fb9d7e06af34409e9ba6
#5 DONE 0.0s

#6 [goger-app stage-1 1/3] FROM gcr.io/distroless/static
#6 DONE 0.0s

#7 [goger-app internal] load build context
#7 transferring context: 7.62kB done
#7 DONE 0.0s

#8 [goger-app binary-builder 2/6] RUN apk update && apk upgrade
#8 CACHED

#9 [goger-app binary-builder 3/6] WORKDIR /builder
#9 CACHED

#10 [goger-app binary-builder 4/6] COPY go.mod go.sum *.go ./
#10 DONE 0.1s

#11 [goger-app binary-builder 5/6] RUN go mod download
#11 DONE 1.0s

#12 [goger-app binary-builder 6/6] RUN CGO_ENABLED=0 GOOS=linux GOARCH=amd64 go build   -ldflags='-w -s -extldflags "-static"' -a   -o app
#12 DONE 11.9s

#13 [goger-app stage-1 2/3] WORKDIR /app
#13 CACHED

#14 [goger-app stage-1 3/3] COPY --from=binary-builder --chown=nonroot:nonroot /builder/app .
#14 DONE 0.1s

#15 [goger-app] exporting to image
#15 exporting layers
#15 exporting layers 1.0s done
#15 writing image sha256:7bf6b29d8802a9ea0cf51cc7d89ac856cf3fa887af7d2f5d41a13ee51de7e40e done
#15 naming to docker.io/library/go-goger-app done
#15 DONE 1.0s
 Network go_goger-network  Creating
 Network go_goger-network  Created
 Container pg  Creating
 Container pg  Created
 Container fetcher  Creating
 Container fetcher  Created
Attaching to fetcher, pg
pg       | 
pg       | PostgreSQL Database directory appears to contain a database; Skipping initialization
pg       | 
pg       | 2023-12-10 12:15:52.918 UTC [1] LOG:  starting PostgreSQL 16.0 (Debian 16.0-1.pgdg120+1) on x86_64-pc-linux-gnu, compiled by gcc (Debian 12.2.0-14) 12.2.0, 64-bit
pg       | 2023-12-10 12:15:52.918 UTC [1] LOG:  listening on IPv4 address "0.0.0.0", port 5432
pg       | 2023-12-10 12:15:52.918 UTC [1] LOG:  listening on IPv6 address "::", port 5432
pg       | 2023-12-10 12:15:52.920 UTC [1] LOG:  listening on Unix socket "/var/run/postgresql/.s.PGSQL.5432"
pg       | 2023-12-10 12:15:52.924 UTC [29] LOG:  database system was shut down at 2023-12-10 12:15:34 UTC
pg       | 2023-12-10 12:15:52.930 UTC [1] LOG:  database system is ready to accept connections
fetcher  | 2023/12/10 12:16:01 Fetched: 1000 games on page: 1 took: 2.19624812s
fetcher  | 2023/12/10 12:16:01 Inserted: 1000 games in: 203.832518ms
fetcher  | 2023/12/10 12:16:12 Fetched: 124 reviews from page: 1 of: Redneck Rampage Collection in: 11.419711797s
fetcher  | 2023/12/10 12:16:13 Fetched in total: 124 reviews of: Redneck Rampage Collection in: 12.169044118s
fetcher  | 2023/12/10 12:16:14 Fetched: 0 reviews from page: 1 of: Brothers: A Tale of Two Sons Remake in: 411.374696ms
fetcher  | 2023/12/10 12:16:14 Fetched in total: 0 reviews of: Brothers: A Tale of Two Sons Remake in: 1.097309397s
fetcher  | 2023/12/10 12:16:15 Fetched: 0 reviews from page: 1 of: Corrupted Outfit - The Smurfs 2: The Prisoner of the Green Stone in: 337.936813ms
fetcher  | 2023/12/10 12:16:15 Fetched in total: 0 reviews of: Corrupted Outfit - The Smurfs 2: The Prisoner of the Green Stone in: 924.742696ms
fetcher  | 2023/12/10 12:16:16 Fetched: 0 reviews from page: 1 of: Dungeon's Legion UNRATED in: 437.162811ms
fetcher  | 2023/12/10 12:16:16 Fetched in total: 0 reviews of: Dungeon's Legion UNRATED in: 940.997273ms
fetcher  | 2023/12/10 12:16:16 Fetched: 1 reviews from page: 1 of: Punch Club Deluxe Edition Upgrade in: 315.835842ms
fetcher  | 2023/12/10 12:16:17 Fetched in total: 1 reviews of: Punch Club Deluxe Edition Upgrade in: 905.738492ms
fetcher  | 2023/12/10 12:16:17 Fetched: 1 reviews from page: 1 of: Succubus Prison in: 331.305045ms
fetcher  | 2023/12/10 12:16:18 Fetched in total: 1 reviews of: Succubus Prison in: 875.02589ms
fetcher  | 2023/12/10 12:16:20 Fetched: 17 reviews from page: 1 of: Fort Triumph in: 1.711636083s
fetcher  | 2023/12/10 12:16:20 Fetched in total: 17 reviews of: Fort Triumph in: 2.441784536s
fetcher  | Attempt 0 failed in: 11.350280609s: msg: Gateway Timeout code: 504. Retrying in 30s...
fetcher  | 2023/12/10 12:17:07 Fetched: 392 reviews from page: 1 of: Fallout: New Vegas Ultimate Edition in: 46.818390672s
fetcher  | 2023/12/10 12:17:08 Fetched in total: 392 reviews of: Fallout: New Vegas Ultimate Edition in: 47.444644321s
fetcher  | 2023/12/10 12:17:09 Fetched: 13 reviews from page: 1 of: Cardaclysm: Shards of the Four in: 874.231514ms
fetcher  | 2023/12/10 12:17:09 Fetched in total: 13 reviews of: Cardaclysm: Shards of the Four in: 1.51606728s
fetcher  | 2023/12/10 12:17:15 Fetched: 19 reviews from page: 1 of: Kingdom Two Crowns in: 5.604810946s
fetcher  | 2023/12/10 12:17:16 Fetched in total: 19 reviews of: Kingdom Two Crowns in: 6.390810288s
fetcher  | 2023/12/10 12:17:16 Fetched: 121 reviews from page: 1 of: The Elder Scrolls V: Skyrim Anniversary Edition in: 353.471207ms
fetcher  | 2023/12/10 12:17:17 Fetched in total: 121 reviews of: The Elder Scrolls V: Skyrim Anniversary Edition in: 1.250863516s
fetcher  | 2023/12/10 12:17:24 Fetched: 62 reviews from page: 1 of: Star Trek™: Armada in: 6.978303752s
fetcher  | 2023/12/10 12:17:25 Fetched in total: 62 reviews of: Star Trek™: Armada in: 7.780348038s
fetcher  | 2023/12/10 12:17:25 Fetched: 17 reviews from page: 1 of: SKYHILL in: 422.362957ms
fetcher  | 2023/12/10 12:17:26 Fetched in total: 17 reviews of: SKYHILL in: 1.153287566s
fetcher  | 2023/12/10 12:17:28 Fetched: 31 reviews from page: 1 of: Siege of Avalon: Anthology in: 1.831473171s
fetcher  | 2023/12/10 12:17:28 Fetched in total: 31 reviews of: Siege of Avalon: Anthology in: 2.460343083s
fetcher  | 2023/12/10 12:17:29 Fetched: 7 reviews from page: 1 of: Space Rangers: Quest in: 392.1009ms
fetcher  | 2023/12/10 12:17:29 Fetched in total: 7 reviews of: Space Rangers: Quest in: 1.097379866s
fetcher  | Attempt 0 failed in: 11.376888199s: msg: Gateway Timeout code: 504. Retrying in 30s...
fetcher  | 2023/12/10 12:18:12 Fetched: 135 reviews from page: 1 of: Phantasmagoria in: 42.333567899s
fetcher  | 2023/12/10 12:18:12 Fetched in total: 135 reviews of: Phantasmagoria in: 42.854900914s
fetcher  | 2023/12/10 12:18:13 Fetched: 334 reviews from page: 1 of: Stardew Valley in: 416.591322ms
fetcher  | 2023/12/10 12:18:13 Fetched in total: 334 reviews of: Stardew Valley in: 1.079543945s
fetcher  | 2023/12/10 12:18:14 Fetched: 1 reviews from page: 1 of: Links: The Challenge of Golf in: 313.500944ms
fetcher  | 2023/12/10 12:18:15 Fetched in total: 1 reviews of: Links: The Challenge of Golf in: 1.312662127s
fetcher  | 2023/12/10 12:18:15 Fetched: 1 reviews from page: 1 of: The Kindeman Remedy in: 331.838481ms
fetcher  | 2023/12/10 12:18:16 Fetched in total: 1 reviews of: The Kindeman Remedy in: 1.104901065s
fetcher  | 2023/12/10 12:18:20 Fetched: 18 reviews from page: 1 of: Evenicle in: 4.553883773s
fetcher  | 2023/12/10 12:18:21 Fetched in total: 18 reviews of: Evenicle in: 5.411002697s
fetcher  | 2023/12/10 12:18:21 Fetched: 66 reviews from page: 1 of: Memoria in: 278.131381ms
fetcher  | 2023/12/10 12:18:22 Fetched in total: 66 reviews of: Memoria in: 846.971388ms
fetcher  | 2023/12/10 12:18:22 Fetched: 1 reviews from page: 1 of: The Smurfs 2 - The Prisoner of the Green Stone in: 444.139192ms
fetcher  | 2023/12/10 12:18:23 Fetched in total: 1 reviews of: The Smurfs 2 - The Prisoner of the Green Stone in: 1.336233332s
fetcher  | 2023/12/10 12:18:24 Fetched: 15 reviews from page: 1 of: Fabled Lands in: 646.071972ms
fetcher  | 2023/12/10 12:18:25 Fetched in total: 15 reviews of: Fabled Lands in: 1.357947936s
fetcher  | 2023/12/10 12:18:25 Fetched: 2 reviews from page: 1 of: Drox Operative 2 in: 309.920736ms
fetcher  | 2023/12/10 12:18:26 Fetched in total: 2 reviews of: Drox Operative 2 in: 1.191957677s
fetcher  | 2023/12/10 12:18:26 Fetched: 102 reviews from page: 1 of: Thief™ 3: Deadly Shadows in: 357.622953ms
fetcher  | 2023/12/10 12:18:27 Fetched in total: 102 reviews of: Thief™ 3: Deadly Shadows in: 1.134648s
fetcher  | 2023/12/10 12:18:27 Fetched: 0 reviews from page: 1 of: art of rally: australia in: 440.673038ms
fetcher  | 2023/12/10 12:18:28 Fetched in total: 0 reviews of: art of rally: australia in: 1.077440614s
fetcher  | 2023/12/10 12:18:28 Fetched: 2 reviews from page: 1 of: Stellaris: Astral Planes in: 387.614539ms
fetcher  | 2023/12/10 12:18:29 Fetched in total: 2 reviews of: Stellaris: Astral Planes in: 911.321967ms
fetcher  | 2023/12/10 12:18:29 Fetched: 0 reviews from page: 1 of: Pray Game UNRATED in: 295.312793ms
fetcher  | 2023/12/10 12:18:30 Fetched in total: 0 reviews of: Pray Game UNRATED in: 922.157753ms
fetcher  | 2023/12/10 12:18:33 Fetched: 32 reviews from page: 1 of: Wizardry: Labyrinth of Lost Souls in: 2.85873329s
fetcher  | 2023/12/10 12:18:34 Fetched in total: 32 reviews of: Wizardry: Labyrinth of Lost Souls in: 3.740794687s
fetcher  | Attempt 0 failed in: 11.084834248s: msg: Gateway Timeout code: 504. Retrying in 30s...
fetcher  | Attempt 1 failed in: 181.077788ms: msg: Gateway Timeout code: 504. Retrying in 40s...
fetcher  | 2023/12/10 12:19:57 Fetched: 233 reviews from page: 1 of: Cyberpunk 2077 - Piggyback Interactive Map in: 1m23.124590343s
fetcher  | 2023/12/10 12:19:58 Fetched in total: 233 reviews of: Cyberpunk 2077 - Piggyback Interactive Map in: 1m23.970671461s
fetcher  | 2023/12/10 12:19:59 Fetched: 17 reviews from page: 1 of: Lost Words: Beyond the Page in: 854.473983ms
fetcher  | 2023/12/10 12:19:59 Fetched in total: 17 reviews of: Lost Words: Beyond the Page in: 1.621633518s
fetcher  | 2023/12/10 12:20:07 Fetched: 64 reviews from page: 1 of: AER – Memories of Old in: 7.328853791s
fetcher  | 2023/12/10 12:20:07 Fetched in total: 64 reviews of: AER – Memories of Old in: 8.114897862s
fetcher  | 2023/12/10 12:20:08 Fetched: 2 reviews from page: 1 of: Arkanoid - Limited Edition Pack - Taito Legacy in: 341.060295ms
fetcher  | 2023/12/10 12:20:09 Fetched in total: 2 reviews of: Arkanoid - Limited Edition Pack - Taito Legacy in: 1.234121194s
fetcher  | 2023/12/10 12:20:09 Fetched: 4 reviews from page: 1 of: Vampire: The Masquerade - Shadows of New York - Deluxe Edition in: 429.92647ms
fetcher  | 2023/12/10 12:20:10 Fetched in total: 4 reviews of: Vampire: The Masquerade - Shadows of New York - Deluxe Edition in: 1.280043703s
fetcher  | 2023/12/10 12:20:14 Fetched: 51 reviews from page: 1 of: Agent A: A puzzle in disguise in: 3.864801431s
fetcher  | 2023/12/10 12:20:15 Fetched in total: 51 reviews of: Agent A: A puzzle in disguise in: 4.695416805s
fetcher  | 2023/12/10 12:20:15 Fetched: 0 reviews from page: 1 of: The Thaumaturge in: 392.996759ms
fetcher  | 2023/12/10 12:20:16 Fetched in total: 0 reviews of: The Thaumaturge in: 1.221092248s
fetcher  | 2023/12/10 12:20:16 Fetched: 26 reviews from page: 1 of: Starsand in: 301.614229ms
fetcher  | 2023/12/10 12:20:17 Fetched in total: 26 reviews of: Starsand in: 1.233784017s
fetcher  | 2023/12/10 12:20:17 Fetched: 0 reviews from page: 1 of: Clifftop Games Bundle: Kathy Rain: Director's Cut + Whispers of a Machine in: 299.333894ms
fetcher  | 2023/12/10 12:20:18 Fetched in total: 0 reviews of: Clifftop Games Bundle: Kathy Rain: Director's Cut + Whispers of a Machine in: 1.115006863s
fetcher  | 2023/12/10 12:20:19 Fetched: 18 reviews from page: 1 of: The Ball in: 512.148027ms
fetcher  | 2023/12/10 12:20:19 Fetched in total: 18 reviews of: The Ball in: 1.268303457s
fetcher  | 2023/12/10 12:20:20 Fetched: 0 reviews from page: 1 of: Fairy Fencer F: Advent Dark Force  - Veteran Fencer Armor Set in: 367.64696ms
fetcher  | 2023/12/10 12:20:20 Fetched in total: 0 reviews of: Fairy Fencer F: Advent Dark Force  - Veteran Fencer Armor Set in: 954.418431ms
fetcher  | 2023/12/10 12:20:21 Fetched: 5 reviews from page: 1 of: Detective Girl of the Steam City in: 446.177179ms
fetcher  | 2023/12/10 12:20:21 Fetched in total: 5 reviews of: Detective Girl of the Steam City in: 1.078156908s
fetcher  | 2023/12/10 12:20:22 Fetched: 5 reviews from page: 1 of: Dark Future: Blood Red States in: 383.698621ms
fetcher  | 2023/12/10 12:20:23 Fetched in total: 5 reviews of: Dark Future: Blood Red States in: 1.248758635s
fetcher  | 2023/12/10 12:20:28 Fetched: 53 reviews from page: 1 of: Star Trek™: Elite Force II in: 5.491337594s
fetcher  | 2023/12/10 12:20:29 Fetched in total: 53 reviews of: Star Trek™: Elite Force II in: 6.456835224s
fetcher  | 2023/12/10 12:20:38 Fetched: 76 reviews from page: 1 of: Mortal Kombat Trilogy in: 8.56022691s
fetcher  | 2023/12/10 12:20:38 Fetched in total: 76 reviews of: Mortal Kombat Trilogy in: 9.15515125s
fetcher  | 2023/12/10 12:20:39 Fetched: 10 reviews from page: 1 of: Mary Skelter 2 in: 420.31042ms
fetcher  | 2023/12/10 12:20:39 Fetched in total: 10 reviews of: Mary Skelter 2 in: 950.108321ms
fetcher  | 2023/12/10 12:20:45 Fetched: 57 reviews from page: 1 of: Medal of Honor™: Pacific Assault in: 5.931331955s
fetcher  | 2023/12/10 12:20:46 Fetched in total: 57 reviews of: Medal of Honor™: Pacific Assault in: 6.752437544s
fetcher  | 2023/12/10 12:20:52 Fetched: 47 reviews from page: 1 of: Anno 1602 A.D. in: 6.241570596s
pg       | 2023-12-10 12:20:52.978 UTC [27] LOG:  checkpoint starting: time
fetcher  | 2023/12/10 12:20:53 Fetched in total: 47 reviews of: Anno 1602 A.D. in: 7.030665056s
fetcher  | 2023/12/10 12:20:54 Fetched: 2 reviews from page: 1 of: Black Book - Endless Battles in: 534.111257ms
fetcher  | 2023/12/10 12:20:54 Fetched in total: 2 reviews of: Black Book - Endless Battles in: 1.212167875s
fetcher  | 2023/12/10 12:21:06 Fetched: 98 reviews from page: 1 of: Jazz Jackrabbit 2 Collection in: 11.417577219s
fetcher  | 2023/12/10 12:21:06 Fetched in total: 98 reviews of: Jazz Jackrabbit 2 Collection in: 12.160741045s
fetcher  | 2023/12/10 12:21:07 Fetched: 0 reviews from page: 1 of: Zero Chastity: A Sultry Summer Holiday in: 193.125611ms
fetcher  | 2023/12/10 12:21:08 Fetched in total: 0 reviews of: Zero Chastity: A Sultry Summer Holiday in: 1.15131672s
fetcher  | 2023/12/10 12:21:08 Fetched: 5 reviews from page: 1 of: MOTHERGUNSHIP in: 243.800122ms
fetcher  | 2023/12/10 12:21:08 Fetched in total: 5 reviews of: MOTHERGUNSHIP in: 843.72371ms
fetcher  | Attempt 0 failed in: 11.380075199s: msg: Gateway Timeout code: 504. Retrying in 30s...
pg       | 2023-12-10 12:21:48.544 UTC [27] LOG:  checkpoint complete: wrote 558 buffers (3.4%); 1 WAL file(s) added, 0 removed, 0 recycled; write=55.517 s, sync=0.015 s, total=55.567 s; sync files=23, longest=0.011 s, average=0.001 s; distance=4323 kB, estimate=4323 kB; lsn=0/1FCAC70, redo lsn=0/1FCAC38
fetcher  | Attempt 1 failed in: 148.230935ms: msg: Gateway Timeout code: 504. Retrying in 40s...
fetcher  | Attempt 2 failed in: 11.251765509s: msg: Gateway Timeout code: 504. Retrying in 50s...
fetcher  | Attempt 3 failed in: 145.970658ms: msg: Gateway Timeout code: 504. Retrying in 1m0s...
fetcher  | Attempt 4 failed in: 362.984032ms: msg: Gateway Timeout code: 504. Retrying in 1m10s...
fetcher  | Attempt 5 failed in: 231.319619ms: msg: Gateway Timeout code: 504. Retrying in 1m20s...
fetcher  | Attempt 6 failed in: 209.277778ms: msg: Gateway Timeout code: 504. Retrying in 1m30s...
fetcher  | 2023/12/10 12:28:33 Fetched: 1000 reviews from page: 1 of: Diablo + Hellfire in: 7m24.30812023s
fetcher  | 2023/12/10 12:28:33 Fetched in total: 1000 reviews of: Diablo + Hellfire in: 7m24.986644214s
fetcher  | Attempt 0 failed in: 11.32614199s: msg: Gateway Timeout code: 504. Retrying in 30s...
fetcher  | Attempt 1 failed in: 304.701129ms: msg: Gateway Timeout code: 504. Retrying in 40s...
fetcher  | 2023/12/10 12:29:55 Fetched: 257 reviews from page: 1 of: The Longest Journey in: 1m21.924926128s
fetcher  | 2023/12/10 12:29:56 Fetched in total: 257 reviews of: The Longest Journey in: 1m22.684116649s
fetcher  | Attempt 0 failed in: 11.279790739s: msg: Gateway Timeout code: 504. Retrying in 30s...
fetcher  | Attempt 1 failed in: 115.82027ms: msg: Gateway Timeout code: 504. Retrying in 40s...
fetcher  | 2023/12/10 12:31:18 Fetched: 86 reviews from page: 1 of: Ultima™ 8 Gold Edition in: 1m21.786586371s
fetcher  | 2023/12/10 12:31:19 Fetched in total: 86 reviews of: Ultima™ 8 Gold Edition in: 1m22.52848928s
fetcher  | 2023/12/10 12:31:19 Fetched: 5 reviews from page: 1 of: Battle Brothers - Blazing Deserts in: 367.256696ms
fetcher  | 2023/12/10 12:31:20 Fetched in total: 5 reviews of: Battle Brothers - Blazing Deserts in: 1.166336461s
fetcher  | 2023/12/10 12:31:20 Fetched: 4 reviews from page: 1 of: Samorost 3 Cosmic Edition in: 393.584327ms
fetcher  | 2023/12/10 12:31:21 Fetched in total: 4 reviews of: Samorost 3 Cosmic Edition in: 1.347646927s
fetcher  | 2023/12/10 12:31:22 Fetched: 79 reviews from page: 1 of: Rise of the Triad: Dark War in: 398.956608ms
fetcher  | 2023/12/10 12:31:22 Fetched in total: 79 reviews of: Rise of the Triad: Dark War in: 1.263905059s
fetcher  | 2023/12/10 12:31:29 Fetched: 60 reviews from page: 1 of: Heroes Chronicles: All Chapters in: 6.791680138s
fetcher  | 2023/12/10 12:31:30 Fetched in total: 60 reviews of: Heroes Chronicles: All Chapters in: 7.616731616s
fetcher  | Attempt 0 failed in: 11.155806982s: msg: Gateway Timeout code: 504. Retrying in 30s...
fetcher  | Attempt 1 failed in: 129.742512ms: msg: Gateway Timeout code: 504. Retrying in 40s...
fetcher  | 2023/12/10 12:32:52 Fetched: 114 reviews from page: 1 of: CARRION in: 1m21.52928203s
fetcher  | 2023/12/10 12:32:52 Fetched in total: 114 reviews of: CARRION in: 1m22.235086663s
fetcher  | 2023/12/10 12:33:01 Fetched: 71 reviews from page: 1 of: Botanicula in: 8.674866976s
fetcher  | 2023/12/10 12:33:02 Fetched in total: 71 reviews of: Botanicula in: 9.614967783s
fetcher  | 2023/12/10 12:33:03 Fetched: 22 reviews from page: 1 of: Ys Origin in: 1.434614272s
fetcher  | 2023/12/10 12:33:04 Fetched in total: 22 reviews of: Ys Origin in: 2.065544462s
fetcher  | 2023/12/10 12:33:14 Fetched: 79 reviews from page: 1 of: Jazz Jackrabbit Collection in: 9.821335817s
fetcher  | 2023/12/10 12:33:14 Fetched in total: 79 reviews of: Jazz Jackrabbit Collection in: 10.428387547s
fetcher  | 2023/12/10 12:33:20 Fetched: 39 reviews from page: 1 of: 198X in: 5.71535357s
fetcher  | 2023/12/10 12:33:21 Fetched in total: 39 reviews of: 198X in: 6.701577983s
fetcher  | 2023/12/10 12:33:21 Fetched: 0 reviews from page: 1 of: Atom RPG: Trudograd - Supporter Pack in: 361.357247ms
fetcher  | 2023/12/10 12:33:22 Fetched in total: 0 reviews of: Atom RPG: Trudograd - Supporter Pack in: 1.32362536s
fetcher  | 2023/12/10 12:33:23 Fetched: 6 reviews from page: 1 of: Evenicle 2 in: 369.829758ms
fetcher  | 2023/12/10 12:33:24 Fetched in total: 6 reviews of: Evenicle 2 in: 1.250989563s
fetcher  | Attempt 0 failed in: 11.4072426s: msg: Gateway Timeout code: 504. Retrying in 30s...
fetcher  | Attempt 1 failed in: 145.364136ms: msg: Gateway Timeout code: 504. Retrying in 40s...
fetcher  | 2023/12/10 12:34:45 Fetched: 126 reviews from page: 1 of: Blood 2: The Blood Group in: 1m21.818428815s
fetcher  | 2023/12/10 12:34:46 Fetched in total: 126 reviews of: Blood 2: The Blood Group in: 1m22.494397725s
fetcher  | 2023/12/10 12:34:47 Fetched: 0 reviews from page: 1 of: Furi Demake - The Chain in: 387.556414ms
fetcher  | 2023/12/10 12:34:47 Fetched in total: 0 reviews of: Furi Demake - The Chain in: 959.522348ms
fetcher  | 2023/12/10 12:34:51 Fetched: 48 reviews from page: 1 of: Sherlock Holmes: Crimes and Punishments in: 3.839119521s
fetcher  | 2023/12/10 12:34:52 Fetched in total: 48 reviews of: Sherlock Holmes: Crimes and Punishments in: 4.545409369s
fetcher  | 2023/12/10 12:34:57 Fetched: 47 reviews from page: 1 of: The Journeyman Project 2: Buried in Time in: 4.923248928s
fetcher  | 2023/12/10 12:34:57 Fetched in total: 47 reviews of: The Journeyman Project 2: Buried in Time in: 5.443068694s
fetcher  | 2023/12/10 12:34:57 Fetched: 0 reviews from page: 1 of: That Time I Got Reincarnated as a Succubus UNRATED in: 396.422596ms
fetcher  | 2023/12/10 12:34:58 Fetched in total: 0 reviews of: That Time I Got Reincarnated as a Succubus UNRATED in: 1.274513017s
fetcher  | 2023/12/10 12:34:59 Fetched: 1 reviews from page: 1 of: LunarLux in: 350.92091ms
fetcher  | 2023/12/10 12:35:00 Fetched in total: 1 reviews of: LunarLux in: 1.30606729s
fetcher  | 2023/12/10 12:35:05 Fetched: 58 reviews from page: 1 of: Atlantis: The Lost Tales in: 5.196623847s
fetcher  | 2023/12/10 12:35:05 Fetched in total: 58 reviews of: Atlantis: The Lost Tales in: 5.726451323s
fetcher  | Attempt 0 failed in: 11.340572187s: msg: Gateway Timeout code: 504. Retrying in 30s...
fetcher  | Attempt 1 failed in: 157.794611ms: msg: Gateway Timeout code: 504. Retrying in 40s...
fetcher  | 2023/12/10 12:36:27 Fetched: 114 reviews from page: 1 of: Zeus + Poseidon (Acropolis) in: 1m21.766218899s
fetcher  | 2023/12/10 12:36:28 Fetched in total: 114 reviews of: Zeus + Poseidon (Acropolis) in: 1m22.508644825s
fetcher  | 2023/12/10 12:36:36 Fetched: 51 reviews from page: 1 of: Final Liberation: Warhammer Epic 40,000 in: 7.891623427s
fetcher  | 2023/12/10 12:36:36 Fetched in total: 51 reviews of: Final Liberation: Warhammer Epic 40,000 in: 8.54446648s
fetcher  | 2023/12/10 12:36:37 Fetched: 0 reviews from page: 1 of: Warhammer 40,000: Armageddon - Angels of Death in: 365.383632ms
fetcher  | 2023/12/10 12:36:38 Fetched in total: 0 reviews of: Warhammer 40,000: Armageddon - Angels of Death in: 1.352440354s
fetcher  | 2023/12/10 12:36:41 Fetched: 28 reviews from page: 1 of: Aquaria in: 3.237586564s
fetcher  | 2023/12/10 12:36:42 Fetched in total: 28 reviews of: Aquaria in: 3.816335045s
fetcher  | 2023/12/10 12:36:42 Fetched: 5 reviews from page: 1 of: Fairy Fencer F: Advent Dark Force in: 249.883746ms
fetcher  | 2023/12/10 12:36:43 Fetched in total: 5 reviews of: Fairy Fencer F: Advent Dark Force in: 1.234012782s
fetcher  | 2023/12/10 12:36:45 Fetched: 23 reviews from page: 1 of: Monster Prom in: 1.653890206s
fetcher  | 2023/12/10 12:36:45 Fetched in total: 23 reviews of: Monster Prom in: 2.387943518s
fetcher  | 2023/12/10 12:36:46 Fetched: 191 reviews from page: 1 of: The Temple of Elemental Evil in: 377.220739ms
fetcher  | 2023/12/10 12:36:46 Fetched in total: 191 reviews of: The Temple of Elemental Evil in: 1.051567523s
fetcher  | 2023/12/10 12:36:46 Fetched: 0 reviews from page: 1 of: Despair: Blood Curse in: 193.201556ms
fetcher  | 2023/12/10 12:36:47 Fetched in total: 0 reviews of: Despair: Blood Curse in: 1.063355153s
fetcher  | 2023/12/10 12:36:48 Fetched: 0 reviews from page: 1 of: Between Horizons in: 314.002882ms
fetcher  | 2023/12/10 12:36:48 Fetched in total: 0 reviews of: Between Horizons in: 859.78057ms
fetcher  | 2023/12/10 12:36:56 Fetched: 53 reviews from page: 1 of: Submarine Titans in: 8.066227672s
fetcher  | 2023/12/10 12:36:57 Fetched in total: 53 reviews of: Submarine Titans in: 8.622040799s
fetcher  | 2023/12/10 12:36:57 Fetched: 0 reviews from page: 1 of: Worldless Soundtrack in: 355.344615ms
fetcher  | 2023/12/10 12:36:58 Fetched in total: 0 reviews of: Worldless Soundtrack in: 966.126715ms
fetcher  | 2023/12/10 12:36:58 Fetched: 10 reviews from page: 1 of: Boiling Point: Road to Hell in: 414.716453ms
fetcher  | 2023/12/10 12:36:59 Fetched in total: 10 reviews of: Boiling Point: Road to Hell in: 1.096623101s
fetcher  | 2023/12/10 12:36:59 Fetched: 43 reviews from page: 1 of: Against the Storm in: 550.640234ms
fetcher  | 2023/12/10 12:37:00 Fetched in total: 43 reviews of: Against the Storm in: 1.099382055s
fetcher  | 2023/12/10 12:37:00 Fetched: 9 reviews from page: 1 of: Warrior Kings in: 369.230338ms
fetcher  | 2023/12/10 12:37:01 Fetched in total: 9 reviews of: Warrior Kings in: 1.164260462s
fetcher  | 2023/12/10 12:37:02 Fetched: 18 reviews from page: 1 of: Oriental Empires in: 994.271653ms
fetcher  | 2023/12/10 12:37:03 Fetched in total: 18 reviews of: Oriental Empires in: 1.617147807s
fetcher  | 2023/12/10 12:37:05 Fetched: 24 reviews from page: 1 of: Ultimate Body Blows in: 1.764164418s
fetcher  | 2023/12/10 12:37:05 Fetched in total: 24 reviews of: Ultimate Body Blows in: 2.431207562s
fetcher  | Attempt 0 failed in: 11.209893502s: msg: Gateway Timeout code: 504. Retrying in 30s...
fetcher  | Attempt 1 failed in: 189.146819ms: msg: Gateway Timeout code: 504. Retrying in 40s...
fetcher  | 2023/12/10 12:38:27 Fetched: 128 reviews from page: 1 of: DOOM (1993) in: 1m21.821229232s
fetcher  | 2023/12/10 12:38:28 Fetched in total: 128 reviews of: DOOM (1993) in: 1m22.448437733s
fetcher  | 2023/12/10 12:38:28 Fetched: 10 reviews from page: 1 of: THE LAST BLADE in: 241.876076ms
fetcher  | 2023/12/10 12:38:29 Fetched in total: 10 reviews of: THE LAST BLADE in: 1.09093744s
fetcher  | 2023/12/10 12:38:29 Fetched: 102 reviews from page: 1 of: FlatOut in: 289.935125ms
fetcher  | 2023/12/10 12:38:30 Fetched in total: 102 reviews of: FlatOut in: 861.831111ms
fetcher  | Attempt 0 failed in: 11.190523373s: msg: Gateway Timeout code: 504. Retrying in 30s...
fetcher  | Attempt 1 failed in: 8.131378442s: msg: Gateway Timeout code: 504. Retrying in 40s...
fetcher  | 2023/12/10 12:39:59 Fetched: 135 reviews from page: 1 of: Septerra Core: Legacy of the Creator in: 1m29.68619579s
fetcher  | 2023/12/10 12:40:00 Fetched in total: 135 reviews of: Septerra Core: Legacy of the Creator in: 1m30.331008911s
fetcher  | 2023/12/10 12:40:00 Fetched: 0 reviews from page: 1 of: Ghostrunner 2 – Ice Pack DLC in: 341.449563ms
fetcher  | 2023/12/10 12:40:01 Fetched in total: 0 reviews of: Ghostrunner 2 – Ice Pack DLC in: 1.045486661s
fetcher  | 2023/12/10 12:40:06 Fetched: 33 reviews from page: 1 of: Independence War™ Deluxe in: 5.239687918s
fetcher  | 2023/12/10 12:40:07 Fetched in total: 33 reviews of: Independence War™ Deluxe in: 6.132811238s
fetcher  | 2023/12/10 12:40:08 Fetched: 16 reviews from page: 1 of: Miasma Chronicles in: 521.428286ms
fetcher  | 2023/12/10 12:40:08 Fetched in total: 16 reviews of: Miasma Chronicles in: 1.283521624s
fetcher  | 2023/12/10 12:40:10 Fetched: 28 reviews from page: 1 of: Wartales in: 1.815620721s
fetcher  | 2023/12/10 12:40:11 Fetched in total: 28 reviews of: Wartales in: 2.508631531s
fetcher  | 2023/12/10 12:40:11 Fetched: 4 reviews from page: 1 of: Lelie Navigation! in: 328.148092ms
fetcher  | 2023/12/10 12:40:12 Fetched in total: 4 reviews of: Lelie Navigation! in: 1.05512112s
fetcher  | 2023/12/10 12:40:12 Fetched: 0 reviews from page: 1 of: 140 Soundtrack in: 296.627118ms
fetcher  | 2023/12/10 12:40:13 Fetched in total: 0 reviews of: 140 Soundtrack in: 1.12471922s
fetcher  | 2023/12/10 12:40:13 Fetched: 1 reviews from page: 1 of: Dr. Fetus' Mean Meat Machine in: 401.126622ms
fetcher  | 2023/12/10 12:40:14 Fetched in total: 1 reviews of: Dr. Fetus' Mean Meat Machine in: 978.03872ms
fetcher  | 2023/12/10 12:40:15 Fetched: 10 reviews from page: 1 of: Sexy Mystic Survivors in: 652.766214ms
fetcher  | 2023/12/10 12:40:16 Fetched in total: 10 reviews of: Sexy Mystic Survivors in: 1.507822269s
fetcher  | 2023/12/10 12:40:19 Fetched: 32 reviews from page: 1 of: Florence in: 3.38822853s
fetcher  | 2023/12/10 12:40:20 Fetched in total: 32 reviews of: Florence in: 4.031123207s
fetcher  | 2023/12/10 12:40:20 Fetched: 0 reviews from page: 1 of: Corrupted Outfit / Farmer Outfit / Adorable Outfit - The Smurfs 2: The Prisoner of the Green Stone in: 334.835946ms
fetcher  | 2023/12/10 12:40:21 Fetched in total: 0 reviews of: Corrupted Outfit / Farmer Outfit / Adorable Outfit - The Smurfs 2: The Prisoner of the Green Stone in: 1.29984326s
fetcher  | 2023/12/10 12:40:21 Fetched: 9 reviews from page: 1 of: Succumate in: 367.371175ms
fetcher  | 2023/12/10 12:40:22 Fetched in total: 9 reviews of: Succumate in: 1.244421449s
fetcher  | 2023/12/10 12:40:22 Fetched: 3 reviews from page: 1 of: Pathfinder: Wrath of the Righteous - Season Pass in: 188.968806ms
fetcher  | 2023/12/10 12:40:23 Fetched in total: 3 reviews of: Pathfinder: Wrath of the Righteous - Season Pass in: 874.879544ms
fetcher  | 2023/12/10 12:40:27 Fetched: 44 reviews from page: 1 of: Batman™: Arkham Origins in: 3.782069884s
fetcher  | 2023/12/10 12:40:28 Fetched in total: 44 reviews of: Batman™: Arkham Origins in: 4.713875607s
fetcher  | 2023/12/10 12:40:28 Fetched: 2 reviews from page: 1 of: Valfaris: Mecha Therion in: 222.000265ms
fetcher  | 2023/12/10 12:40:29 Fetched in total: 2 reviews of: Valfaris: Mecha Therion in: 1.204092664s
fetcher  | Attempt 0 failed in: 11.272836443s: msg: Gateway Timeout code: 504. Retrying in 30s...
fetcher  | Attempt 1 failed in: 163.466969ms: msg: Gateway Timeout code: 504. Retrying in 40s...
fetcher  | 2023/12/10 12:41:51 Fetched: 184 reviews from page: 1 of: Heroes of Might and Magic® 5: Bundle in: 1m21.701298232s
fetcher  | 2023/12/10 12:41:51 Fetched in total: 184 reviews of: Heroes of Might and Magic® 5: Bundle in: 1m22.204162641s
fetcher  | 2023/12/10 12:41:52 Fetched: 170 reviews from page: 1 of: Populous™: The Beginning in: 353.422457ms
fetcher  | 2023/12/10 12:41:52 Fetched in total: 170 reviews of: Populous™: The Beginning in: 905.176809ms
fetcher  | 2023/12/10 12:41:52 Fetched: 0 reviews from page: 1 of: SeaOrama: World of Shipping in: 356.090803ms
fetcher  | 2023/12/10 12:41:53 Fetched in total: 0 reviews of: SeaOrama: World of Shipping in: 991.033593ms
fetcher  | 2023/12/10 12:41:53 Fetched: 57 reviews from page: 1 of: Hard Reset Redux in: 293.973601ms
fetcher  | 2023/12/10 12:41:54 Fetched in total: 57 reviews of: Hard Reset Redux in: 1.169077464s
fetcher  | 2023/12/10 12:41:55 Fetched: 12 reviews from page: 1 of: Police Stories in: 450.360588ms
fetcher  | 2023/12/10 12:41:56 Fetched in total: 12 reviews of: Police Stories in: 1.402497906s
fetcher  | 2023/12/10 12:41:56 Fetched: 11 reviews from page: 1 of: Vampire: The Masquerade – Coteries of New York Deluxe Edition in: 560.644605ms
fetcher  | 2023/12/10 12:41:57 Fetched in total: 11 reviews of: Vampire: The Masquerade – Coteries of New York Deluxe Edition in: 1.394723159s
fetcher  | 2023/12/10 12:41:57 Fetched: 4 reviews from page: 1 of: Metro Simulator in: 416.804697ms
fetcher  | 2023/12/10 12:41:58 Fetched in total: 4 reviews of: Metro Simulator in: 1.22437818s
fetcher  | 2023/12/10 12:41:59 Fetched: 8 reviews from page: 1 of: Little King's Story in: 274.979239ms
fetcher  | 2023/12/10 12:41:59 Fetched in total: 8 reviews of: Little King's Story in: 834.525789ms
fetcher  | 2023/12/10 12:42:08 Fetched: 98 reviews from page: 1 of: Robin Hood: The Legend of Sherwood in: 8.914280952s
fetcher  | 2023/12/10 12:42:09 Fetched in total: 98 reviews of: Robin Hood: The Legend of Sherwood in: 9.584218048s
fetcher  | 2023/12/10 12:42:10 Fetched: 21 reviews from page: 1 of: Shadow Warrior 2 Deluxe in: 1.063521359s
fetcher  | 2023/12/10 12:42:10 Fetched in total: 21 reviews of: Shadow Warrior 2 Deluxe in: 1.801534882s
fetcher  | 2023/12/10 12:42:11 Fetched: 9 reviews from page: 1 of: Lust Theory - Season 2 in: 284.992917ms
fetcher  | 2023/12/10 12:42:12 Fetched in total: 9 reviews of: Lust Theory - Season 2 in: 1.050051098s
fetcher  | 2023/12/10 12:42:12 Fetched: 6 reviews from page: 1 of: The Will of Arthur Flabbington in: 463.087186ms
fetcher  | 2023/12/10 12:42:13 Fetched in total: 6 reviews of: The Will of Arthur Flabbington in: 1.176035068s
fetcher  | 2023/12/10 12:42:13 Fetched: 4 reviews from page: 1 of: RAILGRADE in: 413.347319ms
fetcher  | 2023/12/10 12:42:14 Fetched in total: 4 reviews of: RAILGRADE in: 1.21450737s
fetcher  | Attempt 0 failed in: 11.291228567s: msg: Gateway Timeout code: 504. Retrying in 30s...
fetcher  | Attempt 1 failed in: 4.367473691s: msg: Gateway Timeout code: 504. Retrying in 40s...
fetcher  | 2023/12/10 12:43:40 Fetched: 53 reviews from page: 1 of: Blade Runner - Enhanced Edition in: 1m25.914232383s
fetcher  | 2023/12/10 12:43:41 Fetched in total: 53 reviews of: Blade Runner - Enhanced Edition in: 1m26.840187959s
fetcher  | 2023/12/10 12:43:41 Fetched: 4 reviews from page: 1 of: The Dead End in: 366.412734ms
fetcher  | 2023/12/10 12:43:42 Fetched in total: 4 reviews of: The Dead End in: 1.194414865s
fetcher  | 2023/12/10 12:43:42 Fetched: 4 reviews from page: 1 of: Under the Witch in: 312.130224ms
fetcher  | 2023/12/10 12:43:43 Fetched in total: 4 reviews of: Under the Witch in: 886.058201ms
fetcher  | 2023/12/10 12:43:43 Fetched: 9 reviews from page: 1 of: Timelapse in: 391.697339ms
fetcher  | 2023/12/10 12:43:44 Fetched in total: 9 reviews of: Timelapse in: 904.468119ms
fetcher  | 2023/12/10 12:43:44 Fetched: 0 reviews from page: 1 of: Lust Academy - Season 2 in: 305.019846ms
fetcher  | 2023/12/10 12:43:45 Fetched in total: 0 reviews of: Lust Academy - Season 2 in: 878.901673ms
fetcher  | 2023/12/10 12:43:45 Fetched: 0 reviews from page: 1 of: Oriental Empires: Genghis in: 120.250492ms
fetcher  | 2023/12/10 12:43:46 Fetched in total: 0 reviews of: Oriental Empires: Genghis in: 1.048306325s
fetcher  | 2023/12/10 12:43:46 Fetched: 10 reviews from page: 1 of: Gurumin: A Monstrous Adventure in: 374.904527ms
fetcher  | 2023/12/10 12:43:47 Fetched in total: 10 reviews of: Gurumin: A Monstrous Adventure in: 1.292007824s
fetcher  | 2023/12/10 12:43:47 Fetched: 2 reviews from page: 1 of: Magna Fortuna in: 337.104976ms
fetcher  | 2023/12/10 12:43:48 Fetched in total: 2 reviews of: Magna Fortuna in: 1.310234418s
fetcher  | 2023/12/10 12:43:49 Fetched: 0 reviews from page: 1 of: Atomicrops Deluxe Edition + DLC in: 383.5597ms
fetcher  | 2023/12/10 12:43:49 Fetched in total: 0 reviews of: Atomicrops Deluxe Edition + DLC in: 1.086501337s
fetcher  | 2023/12/10 12:43:50 Fetched: 0 reviews from page: 1 of: AVICII Invector - TIM Track Pack in: 320.879759ms
fetcher  | 2023/12/10 12:43:51 Fetched in total: 0 reviews of: AVICII Invector - TIM Track Pack in: 1.21799956s
fetcher  | 2023/12/10 12:43:51 Fetched: 5 reviews from page: 1 of: Filament in: 258.908618ms
fetcher  | 2023/12/10 12:43:52 Fetched in total: 5 reviews of: Filament in: 1.250584733s
fetcher  | 2023/12/10 12:43:52 Fetched: 1 reviews from page: 1 of: Man O' War: Fledgling Griffon in: 186.686154ms
fetcher  | 2023/12/10 12:43:53 Fetched in total: 1 reviews of: Man O' War: Fledgling Griffon in: 923.655495ms
fetcher  | 2023/12/10 12:43:53 Fetched: 13 reviews from page: 1 of: Conquests of Camelot: The Search for the Grail in: 412.28145ms
fetcher  | 2023/12/10 12:43:54 Fetched in total: 13 reviews of: Conquests of Camelot: The Search for the Grail in: 972.106409ms
fetcher  | 2023/12/10 12:43:54 Fetched: 0 reviews from page: 1 of: Theme Park Mystery in: 359.528678ms
fetcher  | 2023/12/10 12:43:55 Fetched in total: 0 reviews of: Theme Park Mystery in: 962.281111ms
fetcher  | 2023/12/10 12:43:55 Fetched: 0 reviews from page: 1 of: Agatha Christie - Hercule Poirot: The London Case - Original Soundtrack in: 319.09236ms
fetcher  | 2023/12/10 12:43:56 Fetched in total: 0 reviews of: Agatha Christie - Hercule Poirot: The London Case - Original Soundtrack in: 1.023008239s
fetcher  | 2023/12/10 12:43:56 Fetched: 66 reviews from page: 1 of: The Witness in: 260.833006ms
fetcher  | 2023/12/10 12:43:57 Fetched in total: 66 reviews of: The Witness in: 1.042135202s
fetcher  | 2023/12/10 12:43:59 Fetched: 27 reviews from page: 1 of: Othercide in: 2.165236709s
fetcher  | 2023/12/10 12:44:00 Fetched in total: 27 reviews of: Othercide in: 3.035350728s
fetcher  | Attempt 0 failed in: 338.199138ms: msg: Gateway Timeout code: 504. Retrying in 30s...
fetcher  | 2023/12/10 12:44:30 Fetched: 189 reviews from page: 1 of: Might and Magic® 6-pack Limited Edition in: 30.626214296s
fetcher  | 2023/12/10 12:44:31 Fetched in total: 189 reviews of: Might and Magic® 6-pack Limited Edition in: 31.444255473s
fetcher  | 2023/12/10 12:44:32 Fetched: 12 reviews from page: 1 of: Battle Chef Brigade Deluxe in: 643.196562ms
fetcher  | 2023/12/10 12:44:33 Fetched in total: 12 reviews of: Battle Chef Brigade Deluxe in: 1.587253028s
fetcher  | 2023/12/10 12:44:33 Fetched: 0 reviews from page: 1 of: Train Valley 2: Workshop Gems - Emerald in: 382.48109ms
fetcher  | 2023/12/10 12:44:34 Fetched in total: 0 reviews of: Train Valley 2: Workshop Gems - Emerald in: 882.985593ms
fetcher  | 2023/12/10 12:44:43 Fetched: 45 reviews from page: 1 of: Tiny and Big: Grandpa's Leftovers in: 8.822509505s
fetcher  | 2023/12/10 12:44:43 Fetched in total: 45 reviews of: Tiny and Big: Grandpa's Leftovers in: 9.593518978s
fetcher  | 2023/12/10 12:44:44 Fetched: 0 reviews from page: 1 of: Immersion Pack - Europa Universalis IV: King of Kings in: 350.818329ms
fetcher  | 2023/12/10 12:44:45 Fetched in total: 0 reviews of: Immersion Pack - Europa Universalis IV: King of Kings in: 1.259946241s
fetcher  | 2023/12/10 12:44:45 Fetched: 9 reviews from page: 1 of: Buzz Aldrin's Space Program Manager in: 423.398988ms
fetcher  | 2023/12/10 12:44:46 Fetched in total: 9 reviews of: Buzz Aldrin's Space Program Manager in: 1.397525057s
fetcher  | 2023/12/10 12:44:46 Fetched: 1 reviews from page: 1 of: 8-Bit Adventures 2: Bundle in: 325.434429ms
fetcher  | 2023/12/10 12:44:47 Fetched in total: 1 reviews of: 8-Bit Adventures 2: Bundle in: 1.05548593s
fetcher  | 2023/12/10 12:44:47 Fetched: 0 reviews from page: 1 of: Two Worlds II: Echoes of the Dark Past 2 in: 324.101851ms
fetcher  | 2023/12/10 12:44:48 Fetched in total: 0 reviews of: Two Worlds II: Echoes of the Dark Past 2 in: 1.142189258s
fetcher  | Attempt 0 failed in: 11.367656045s: msg: Gateway Timeout code: 504. Retrying in 30s...
fetcher  | Attempt 1 failed in: 146.996693ms: msg: Gateway Timeout code: 504. Retrying in 40s...
fetcher  | 2023/12/10 12:46:10 Fetched: 69 reviews from page: 1 of: Tex Murphy: Under a Killing Moon in: 1m21.793490559s
fetcher  | 2023/12/10 12:46:11 Fetched in total: 69 reviews of: Tex Murphy: Under a Killing Moon in: 1m22.456488788s
fetcher  | 2023/12/10 12:46:11 Fetched: 0 reviews from page: 1 of: Songs Of Silence Demo in: 285.033344ms
fetcher  | 2023/12/10 12:46:12 Fetched in total: 0 reviews of: Songs Of Silence Demo in: 1.151193077s
fetcher  | Attempt 0 failed in: 11.319506243s: msg: Gateway Timeout code: 504. Retrying in 30s...
fetcher  | Attempt 1 failed in: 214.053269ms: msg: Gateway Timeout code: 504. Retrying in 40s...
fetcher  | 2023/12/10 12:47:38 Fetched: 145 reviews from page: 1 of: Fallout in: 1m25.941902547s
fetcher  | 2023/12/10 12:47:38 Fetched in total: 145 reviews of: Fallout in: 1m26.739985324s
fetcher  | 2023/12/10 12:47:39 Fetched: 0 reviews from page: 1 of: Agatha Christie - Murder on the Orient Express - Deluxe Edition in: 355.853925ms
fetcher  | 2023/12/10 12:47:40 Fetched in total: 0 reviews of: Agatha Christie - Murder on the Orient Express - Deluxe Edition in: 1.24291763s
fetcher  | 2023/12/10 12:47:41 Fetched: 20 reviews from page: 1 of: Ys: The Oath in Felghana in: 1.368847255s
fetcher  | 2023/12/10 12:47:42 Fetched in total: 20 reviews of: Ys: The Oath in Felghana in: 1.994914614s
fetcher  | 2023/12/10 12:47:42 Fetched: 4 reviews from page: 1 of: Necrodome in: 498.060285ms
fetcher  | 2023/12/10 12:47:43 Fetched in total: 4 reviews of: Necrodome in: 1.418695128s
fetcher  | 2023/12/10 12:47:43 Fetched: 3 reviews from page: 1 of: Harrier Jump Jet in: 308.011921ms
fetcher  | 2023/12/10 12:47:44 Fetched in total: 3 reviews of: Harrier Jump Jet in: 811.704201ms
fetcher  | 2023/12/10 12:47:52 Fetched: 52 reviews from page: 1 of: Raiden Legacy in: 8.410357688s
fetcher  | 2023/12/10 12:47:53 Fetched in total: 52 reviews of: Raiden Legacy in: 9.085329265s
fetcher  | 2023/12/10 12:47:53 Fetched: 0 reviews from page: 1 of: Philana and the Elixir of Life UNRATED in: 161.666903ms
fetcher  | 2023/12/10 12:47:54 Fetched in total: 0 reviews of: Philana and the Elixir of Life UNRATED in: 1.028736955s
fetcher  | 2023/12/10 12:47:54 Fetched: 1 reviews from page: 1 of: Dagon - The Railway Horror DLC in: 205.646728ms
fetcher  | 2023/12/10 12:47:55 Fetched in total: 1 reviews of: Dagon - The Railway Horror DLC in: 1.126803585s
fetcher  | 2023/12/10 12:47:56 Fetched: 8 reviews from page: 1 of: Heavenly Heroes of Antidomi in: 339.090628ms
fetcher  | 2023/12/10 12:47:56 Fetched in total: 8 reviews of: Heavenly Heroes of Antidomi in: 1.226171312s
fetcher  | 2023/12/10 12:47:57 Fetched: 0 reviews from page: 1 of: Frail Hearts Collection in: 340.460182ms
fetcher  | 2023/12/10 12:47:57 Fetched in total: 0 reviews of: Frail Hearts Collection in: 935.26723ms
fetcher  | 2023/12/10 12:47:58 Fetched: 0 reviews from page: 1 of: Star Renegades Deluxe Edition in: 327.048631ms
fetcher  | 2023/12/10 12:47:59 Fetched in total: 0 reviews of: Star Renegades Deluxe Edition in: 1.171165128s
fetcher  | 2023/12/10 12:48:00 Fetched: 7 reviews from page: 1 of: 1971 Project Helios in: 1.205118423s
fetcher  | 2023/12/10 12:48:00 Fetched in total: 7 reviews of: 1971 Project Helios in: 1.781112699s
fetcher  | 2023/12/10 12:48:01 Fetched: 9 reviews from page: 1 of: BATTLETECH - Urban Warfare in: 755.9461ms
fetcher  | 2023/12/10 12:48:02 Fetched in total: 9 reviews of: BATTLETECH - Urban Warfare in: 1.356783764s
fetcher  | 2023/12/10 12:48:02 Fetched: 0 reviews from page: 1 of: Vagrus - The Riven Realms: Sunfire and Moonshadow in: 421.357192ms
fetcher  | 2023/12/10 12:48:03 Fetched in total: 0 reviews of: Vagrus - The Riven Realms: Sunfire and Moonshadow in: 1.224463562s
fetcher  | 2023/12/10 12:48:12 Fetched: 51 reviews from page: 1 of: Leisure Suit Larry: Love for Sail! in: 8.830316042s
fetcher  | 2023/12/10 12:48:13 Fetched in total: 51 reviews of: Leisure Suit Larry: Love for Sail! in: 9.8185474s
fetcher  | 2023/12/10 12:48:13 Fetched: 1 reviews from page: 1 of: The Binding of Isaac: Afterbirth+ in: 335.31055ms
fetcher  | 2023/12/10 12:48:14 Fetched in total: 1 reviews of: The Binding of Isaac: Afterbirth+ in: 1.305444238s
fetcher  | 2023/12/10 12:48:16 Fetched: 13 reviews from page: 1 of: King's Bounty: Warriors of the North - Complete Edition in: 1.899759765s
fetcher  | 2023/12/10 12:48:17 Fetched in total: 13 reviews of: King's Bounty: Warriors of the North - Complete Edition in: 2.782834406s
fetcher  | 2023/12/10 12:48:17 Fetched: 2 reviews from page: 1 of: CrossCode: Manlea in: 342.743634ms
fetcher  | 2023/12/10 12:48:18 Fetched in total: 2 reviews of: CrossCode: Manlea in: 1.110752969s
fetcher  | 2023/12/10 12:48:20 Fetched: 26 reviews from page: 1 of: Panzer General 3D Assault in: 2.296543098s
fetcher  | 2023/12/10 12:48:21 Fetched in total: 26 reviews of: Panzer General 3D Assault in: 3.10766156s
fetcher  | 2023/12/10 12:48:26 Fetched: 32 reviews from page: 1 of: Biing!: Sex, Intrigue and Scalpels in: 5.447115956s
fetcher  | 2023/12/10 12:48:27 Fetched in total: 32 reviews of: Biing!: Sex, Intrigue and Scalpels in: 6.256159273s
fetcher  | 2023/12/10 12:48:37 Fetched: 60 reviews from page: 1 of: Tacoma in: 9.743569924s
fetcher  | 2023/12/10 12:48:38 Fetched in total: 60 reviews of: Tacoma in: 10.310446693s
fetcher  | 2023/12/10 12:48:38 Fetched: 2 reviews from page: 1 of: ScubaVenture: The Search for Pirate's Treasure in: 652.660942ms
fetcher  | 2023/12/10 12:48:39 Fetched in total: 2 reviews of: ScubaVenture: The Search for Pirate's Treasure in: 1.556857609s
fetcher  | 2023/12/10 12:48:40 Fetched: 58 reviews from page: 1 of: Magrunner: Dark Pulse in: 1.255529477s
fetcher  | 2023/12/10 12:48:41 Fetched in total: 58 reviews of: Magrunner: Dark Pulse in: 1.926261964s
fetcher  | 2023/12/10 12:48:41 Fetched: 3 reviews from page: 1 of: Warhammer 40,000: Gladius - Drukhari in: 245.599556ms
fetcher  | 2023/12/10 12:48:42 Fetched in total: 3 reviews of: Warhammer 40,000: Gladius - Drukhari in: 968.655615ms
fetcher  | Attempt 0 failed in: 11.355286452s: msg: Gateway Timeout code: 504. Retrying in 30s...
fetcher  | Attempt 1 failed in: 8.582122486s: msg: Gateway Timeout code: 504. Retrying in 40s...
fetcher  | 2023/12/10 12:50:12 Fetched: 135 reviews from page: 1 of: Settlers® 3: Ultimate Collection in: 1m30.440804919s
fetcher  | 2023/12/10 12:50:13 Fetched in total: 135 reviews of: Settlers® 3: Ultimate Collection in: 1m31.23286927s
fetcher  | 2023/12/10 12:50:14 Fetched: 13 reviews from page: 1 of: Summer with Mia Season 1 in: 304.475354ms
fetcher  | 2023/12/10 12:50:14 Fetched in total: 13 reviews of: Summer with Mia Season 1 in: 1.219602005s
fetcher  | 2023/12/10 12:50:15 Fetched: 12 reviews from page: 1 of: The Signifier Director's Cut in: 313.462058ms
fetcher  | 2023/12/10 12:50:16 Fetched in total: 12 reviews of: The Signifier Director's Cut in: 1.161613757s
fetcher  | 2023/12/10 12:50:16 Fetched: 8 reviews from page: 1 of: Hyperdimension Neptunia Re;Birth2: Sisters Generation in: 379.927768ms
fetcher  | 2023/12/10 12:50:17 Fetched in total: 8 reviews of: Hyperdimension Neptunia Re;Birth2: Sisters Generation in: 978.87576ms
fetcher  | 2023/12/10 12:50:17 Fetched: 1 reviews from page: 1 of: Racine in: 423.779981ms
fetcher  | 2023/12/10 12:50:18 Fetched in total: 1 reviews of: Racine in: 1.054752002s
fetcher  | Attempt 0 failed in: 11.352212948s: msg: Gateway Timeout code: 504. Retrying in 30s...
fetcher  | Attempt 1 failed in: 137.30023ms: msg: Gateway Timeout code: 504. Retrying in 40s...
